// Jest Snapshot v1, https://goo.gl/fbAQLP

exports[`generate resolvers file generateResolversTemplate 1`] = `
"function Resolvers (Connectors) {
  const Resolvers = {
    Query: {
      
      post (_, { name, id, postType }) {
        return Connectors.getPost({ name, id, postType })
      },
      posts (_, { category, postType, language }) {
        return Connectors.getPosts({ category, postType, language })
      }
    },

    Post: {
      customFields (post) {
        return Connectors.getCustomFields({ postId: post.ID })
      },
      featuredImage (post) {
        return Connectors.getFeaturedImage({ postId: post.ID })
      }
    },
    
    
    
  }

  return Resolvers
}

module.exports = Resolvers
"
`;
