// Jest Snapshot v1, https://goo.gl/fbAQLP

exports[`generate schema files generateCustomPostTypeTemplate 1`] = `
"const AppleInformation = require('../fieldGroups/AppleInformation')
const OtherInformation = require('../fieldGroups/OtherInformation')

const Image = require('../Image')

const Apple = \`
type Apple {
  ID: Int
  postTitle: String
  postType: String
  postContent: String
  featuredImage: Image
  
  appleInformation: AppleInformation,
  otherInformation: OtherInformation
}
\`

module.exports = () => [ Apple, Image, AppleInformation, OtherInformation ]
"
`;

exports[`generate schema files generateFieldGroupTemplate 1`] = `
"const AppleInformation = \`

type AppleInformation {
  
  cultivar: JSON
  price: JSON
}
\`

module.exports = () => [ AppleInformation ]

"
`;

exports[`generate schema files generateSchemaTemplate 1`] = `
"
const Post = require('./Post')

const RootQuery = \`
  scalar JSON

  type Query {
    
    post(name: String, id: Int, postType: String): Post
    posts(category: String, postType: String, language: String): [Post]
  }
\`

const SchemaDefinition = \`
  schema {
    query: Query
  }
\`

module.exports = [
  
  Post,
  RootQuery,
  SchemaDefinition
]
"
`;
